
  [32m[1mVITE[22m v5.4.21[39m  [2mready in [0m[1m364[22m[2m[0m ms[22m

  [32m➜[39m  [1mLocal[22m:   [36mhttp://localhost:[1m5173[22m/[39m
  [32m➜[39m  [1mNetwork[22m: [36mhttp://192.168.29.179:[1m5173[22m/[39m
[2m10:34:53 am[22m [36m[1m[vite][22m[39m [32mhmr update [39m[2m/src/index.css[22m
[33m[vite:css] @import must precede all other statements (besides @charset or empty @layer)
3  |  @tailwind utilities;
4  |  
5  |  @import url('https://fonts.googleapis.com/css2?family=Inter:wght@300;400;500;600;700;800;900&family=Playfair+Display:wght@400;500;600;700;800;900&family=Lora:ital,wght@0,400;0,500;1,400;1,500&display=swap');
   |  ^^^^^^^^^^^^^^^^^^^^^^^^^^^^^^^^^^^^^^^^^^^^^^^^^^^^^^^^^^^^^^^^^^^^^^^^^^^^^^^^^^^^^^^^^^^^^^^^^^^^^^^^^^^^^^^^^^^^^^^^^^^^^^^^^^^^^^^^^^^^^^^^^^^^^^^^^^^^^^^^^^^^^^^^^^^^^^^^^^^^^^^^^^^^^^^^^^^^^^^^^^^^^^^
6  |  
7  |  :root {[39m
[2m10:35:05 am[22m [36m[1m[vite][22m[39m [32mhmr update [39m[2m/src/components/Logo.tsx, /src/index.css[22m
[33m[vite:css] @import must precede all other statements (besides @charset or empty @layer)
3  |  @tailwind utilities;
4  |  
5  |  @import url('https://fonts.googleapis.com/css2?family=Inter:wght@300;400;500;600;700;800;900&family=Playfair+Display:wght@400;500;600;700;800;900&family=Lora:ital,wght@0,400;0,500;1,400;1,500&display=swap');
   |  ^^^^^^^^^^^^^^^^^^^^^^^^^^^^^^^^^^^^^^^^^^^^^^^^^^^^^^^^^^^^^^^^^^^^^^^^^^^^^^^^^^^^^^^^^^^^^^^^^^^^^^^^^^^^^^^^^^^^^^^^^^^^^^^^^^^^^^^^^^^^^^^^^^^^^^^^^^^^^^^^^^^^^^^^^^^^^^^^^^^^^^^^^^^^^^^^^^^^^^^^^^^^^^^
6  |  
7  |  :root {[39m
[2m10:35:06 am[22m [36m[1m[vite][22m[39m [32m✨ new dependencies optimized: [33mreact-router-dom[32m[39m
[2m10:35:06 am[22m [36m[1m[vite][22m[39m [32m✨ optimized dependencies changed. reloading[39m
[33m[vite:css] @import must precede all other statements (besides @charset or empty @layer)
3  |  @tailwind utilities;
4  |  
5  |  @import url('https://fonts.googleapis.com/css2?family=Inter:wght@300;400;500;600;700;800;900&family=Playfair+Display:wght@400;500;600;700;800;900&family=Lora:ital,wght@0,400;0,500;1,400;1,500&display=swap');
   |  ^^^^^^^^^^^^^^^^^^^^^^^^^^^^^^^^^^^^^^^^^^^^^^^^^^^^^^^^^^^^^^^^^^^^^^^^^^^^^^^^^^^^^^^^^^^^^^^^^^^^^^^^^^^^^^^^^^^^^^^^^^^^^^^^^^^^^^^^^^^^^^^^^^^^^^^^^^^^^^^^^^^^^^^^^^^^^^^^^^^^^^^^^^^^^^^^^^^^^^^^^^^^^^^
6  |  
7  |  :root {[39m
